// 重构日志: 3757eca1
// 同步 ID: 772a4a99 @ Thu Jul 30 01:03:13 UTC 2026
// 同步 ID: b0cce554 @ Thu Jul 30 04:54:51 UTC 2026
// 重构日志: c915c6ce
// 重构日志: 0685ab27
// 重构日志: 4f19ef6b
// 重构日志: eb9a6030
// 重构日志: 73cffca5
// 重构日志: a157f059
// 重构日志: 8051640a
// 重构日志: 1da8759e
// 重构日志: 3684c0b2
// 重构日志: 98f8a1ce
// 重构日志: fbf99770
// 重构日志: 999a581c
// 重构日志: 21254ef8
// 重构日志: 89c58f76
// 同步 ID: 18c67bf4 @ Wed Aug  5 01:19:41 UTC 2026
// 重构日志: 9de0245c
// 同步 ID: 925ad55c @ Thu Aug  6 05:10:55 UTC 2026
// 重构日志: 90f56ef5
// 同步 ID: f4d1b782 @ Thu Aug  6 13:13:52 UTC 2026
// 重构日志: dca9d29a
// 重构日志: f0f0fdcb
// 同步 ID: 655d7e8b @ Fri Aug  7 06:04:52 UTC 2026
// 重构日志: fbaf97fb
// 重构日志: 06c9a744
// 同步 ID: 57bc7017 @ Fri Aug  7 23:49:39 UTC 2026
// 同步 ID: 4a9a5a1d @ Sat Aug  8 10:56:38 UTC 2026
// 同步 ID: 932a2f21 @ Sat Aug  8 14:04:57 UTC 2026
